ERROR: LoadError: KeyError: key Base.PkgId(Base.UUID("438e738f-606a-5dbb-bf0a-cddfbfd45ab0"), "PyCall") not found
Stacktrace:
  [1] getindex
    @ ./dict.jl:477 [inlined]
  [2] macro expansion
    @ ./lock.jl:273 [inlined]
  [3] root_module(key::Base.PkgId)
    @ Base ./loading.jl:2471
  [4] deserialize_module(s::Serializer{IOStream})
    @ Serialization /apps/generic/julia/1.11.6/share/julia/stdlib/v1.11/Serialization/src/Serialization.jl:1024
  [5] handle_deserialize(s::Serializer{IOStream}, b::Int32)
    @ Serialization /apps/generic/julia/1.11.6/share/julia/stdlib/v1.11/Serialization/src/Serialization.jl:926
  [6] deserialize(s::Serializer{IOStream})
    @ Serialization /apps/generic/julia/1.11.6/share/julia/stdlib/v1.11/Serialization/src/Serialization.jl:844
  [7] deserialize_datatype(s::Serializer{IOStream}, full::Bool)
    @ Serialization /apps/generic/julia/1.11.6/share/julia/stdlib/v1.11/Serialization/src/Serialization.jl:1470
  [8] handle_deserialize(s::Serializer{IOStream}, b::Int32)
    @ Serialization /apps/generic/julia/1.11.6/share/julia/stdlib/v1.11/Serialization/src/Serialization.jl:897
  [9] deserialize(s::Serializer{IOStream})
    @ Serialization /apps/generic/julia/1.11.6/share/julia/stdlib/v1.11/Serialization/src/Serialization.jl:844
 [10] deserialize_datatype(s::Serializer{IOStream}, full::Bool)
    @ Serialization /apps/generic/julia/1.11.6/share/julia/stdlib/v1.11/Serialization/src/Serialization.jl:1490
 [11] handle_deserialize(s::Serializer{IOStream}, b::Int32)
    @ Serialization /apps/generic/julia/1.11.6/share/julia/stdlib/v1.11/Serialization/src/Serialization.jl:897
 [12] deserialize(s::Serializer{IOStream})
    @ Serialization /apps/generic/julia/1.11.6/share/julia/stdlib/v1.11/Serialization/src/Serialization.jl:844
 [13] deserialize_datatype(s::Serializer{IOStream}, full::Bool)
    @ Serialization /apps/generic/julia/1.11.6/share/julia/stdlib/v1.11/Serialization/src/Serialization.jl:1495
 [14] handle_deserialize(s::Serializer{IOStream}, b::Int32)
    @ Serialization /apps/generic/julia/1.11.6/share/julia/stdlib/v1.11/Serialization/src/Serialization.jl:897
 [15] deserialize(s::Serializer{IOStream})
    @ Serialization /apps/generic/julia/1.11.6/share/julia/stdlib/v1.11/Serialization/src/Serialization.jl:844
 [16] handle_deserialize(s::Serializer{IOStream}, b::Int32)
    @ Serialization /apps/generic/julia/1.11.6/share/julia/stdlib/v1.11/Serialization/src/Serialization.jl:904
 [17] deserialize(s::Serializer{IOStream})
    @ Serialization /apps/generic/julia/1.11.6/share/julia/stdlib/v1.11/Serialization/src/Serialization.jl:844
 [18] handle_deserialize(s::Serializer{IOStream}, b::Int32)
    @ Serialization /apps/generic/julia/1.11.6/share/julia/stdlib/v1.11/Serialization/src/Serialization.jl:950
 [19] deserialize
    @ /apps/generic/julia/1.11.6/share/julia/stdlib/v1.11/Serialization/src/Serialization.jl:844 [inlined]
 [20] deserialize
    @ /apps/generic/julia/1.11.6/share/julia/stdlib/v1.11/Serialization/src/Serialization.jl:831 [inlined]
 [21] open(f::typeof(deserialize), args::String; kwargs::@Kwargs{})
    @ Base ./io.jl:410
 [22] open
    @ ./io.jl:407 [inlined]
 [23] deserialize(filename::String)
    @ Serialization /apps/generic/julia/1.11.6/share/julia/stdlib/v1.11/Serialization/src/Serialization.jl:841
 [24] top-level scope
    @ ~/HNODECB/runner/afm_param_search_pipeline_03.jl:93
in expression starting at /home/lgou/HNODECB/runner/afm_param_search_pipeline_03.jl:48
=== Pipeline03 runtime config ===
Threads: 6 | Shard: 1/4
Preflight: 0 | LogEvery: 1 | InfLog: 1 | NNErr: 1
=== Pipeline03: spawning 4 Stage1 shards ===
  shard 1/4 -> /home/lgou/HNODECB/logs/log2_03_step2a_stage1_p1.txt
  shard 2/4 -> /home/lgou/HNODECB/logs/log2_03_step2a_stage1_p2.txt
  shard 3/4 -> /home/lgou/HNODECB/logs/log2_03_step2a_stage1_p3.txt
  shard 4/4 -> /home/lgou/HNODECB/logs/log2_03_step2a_stage1_p4.txt
