=== Stage1pluslight (03): spawning 3 shards ===
Candidate=6 | TrialsPerCandidate=999
  shard 1/3 -> /home/lgou/HNODECB/logs/stage1_step2a/log2_03_step2a_stage1pluslight_p1.txt
  shard 2/3 -> /home/lgou/HNODECB/logs/stage1_step2a/log2_03_step2a_stage1pluslight_p2.txt
  shard 3/3 -> /home/lgou/HNODECB/logs/stage1_step2a/log2_03_step2a_stage1pluslight_p3.txt
=== Stage1pluslight (03): hall of fame (merged top-10) ===
  Rank 1 -- train=1.052e+00 val=1.044e+00 | base=6 | ks0=1.71e-01 cs0=3.19e-07
     mech: ks=1.71e-01 (err=71.05%) cs=3.19e-07 (err=32.67%)
     nn: F_hertz err=392853.23%
  Rank 2 -- train=1.156e+00 val=1.144e+00 | base=6 | ks0=1.71e-01 cs0=3.19e-07
     mech: ks=1.71e-01 (err=71.05%) cs=3.19e-07 (err=32.67%)
     nn: F_hertz err=742831.14%
  Rank 3 -- train=1.277e+00 val=1.259e+00 | base=6 | ks0=1.71e-01 cs0=3.19e-07
     mech: ks=1.71e-01 (err=71.05%) cs=3.19e-07 (err=32.67%)
     nn: F_hertz err=1117474.38%
  Rank 4 -- train=1.372e+00 val=1.345e+00 | base=6 | ks0=1.71e-01 cs0=3.19e-07
     mech: ks=1.71e-01 (err=71.05%) cs=3.19e-07 (err=32.67%)
     nn: F_hertz err=1520350.00%
  Rank 5 -- train=1.394e+00 val=1.368e+00 | base=6 | ks0=1.71e-01 cs0=3.19e-07
     mech: ks=1.71e-01 (err=71.05%) cs=3.19e-07 (err=32.67%)
     nn: F_hertz err=2236278.57%
  Rank 6 -- train=1.411e+00 val=1.375e+00 | base=6 | ks0=1.71e-01 cs0=3.19e-07
     mech: ks=1.71e-01 (err=71.05%) cs=3.19e-07 (err=32.67%)
     nn: F_hertz err=1519826.89%
  Rank 7 -- train=1.422e+00 val=1.384e+00 | base=6 | ks0=1.71e-01 cs0=3.19e-07
     mech: ks=1.71e-01 (err=71.05%) cs=3.19e-07 (err=32.67%)
     nn: F_hertz err=1529931.67%
  Rank 8 -- train=1.437e+00 val=1.398e+00 | base=6 | ks0=1.71e-01 cs0=3.19e-07
     mech: ks=1.71e-01 (err=71.05%) cs=3.19e-07 (err=32.67%)
     nn: F_hertz err=1821282.44%
  Rank 9 -- train=1.432e+00 val=1.399e+00 | base=6 | ks0=1.71e-01 cs0=3.19e-07
     mech: ks=1.71e-01 (err=71.05%) cs=3.19e-07 (err=32.67%)
     nn: F_hertz err=2374397.25%
  Rank 10 -- train=1.444e+00 val=1.407e+00 | base=6 | ks0=1.71e-01 cs0=3.19e-07
     mech: ks=1.71e-01 (err=71.05%) cs=3.19e-07 (err=32.67%)
     nn: F_hertz err=2236884.66%
=== Stage1pluslight (03): merged results -> /home/lgou/HNODECB/step2a_hyperparameter_tuning/hyperparameter_tuning_first_stage/results_afm/afm_param_stage1pluslight_03.jld ===
