=== Stage1 (03) runtime config ===
Threads: 6 | Shard: 1/4
Preflight: 0 | LogEvery: 1 | InfLog: 1 | NNErr: 0 (forced off in no-ADAM)
=== Stage1 (03): spawning 4 shards ===
  shard 1/4 -> /home/lgou/HNODECB/logs/log2_03_step2a_stage1_p1.txt
  shard 2/4 -> /home/lgou/HNODECB/logs/log2_03_step2a_stage1_p2.txt
  shard 3/4 -> /home/lgou/HNODECB/logs/log2_03_step2a_stage1_p3.txt
  shard 4/4 -> /home/lgou/HNODECB/logs/log2_03_step2a_stage1_p4.txt
=== Stage1 (03): global top-10 (merged) ===
  Rank 1 -- train=5.172e-05 val=5.173e-05 | ks0=5.43e-01 cs0=6.28e-08
     val parts: state=3.73e-05 x2dot=1.45e-05 x3r=3.01e-18 cont=0.00e+00
     rec: x1=1.17e+00 x3=6.54e+01
     mech: ks=5.43e-01 (true=1.00e-01 err=442.89%) cs=6.28e-08 (true=2.40e-07 err=73.51%)
  Rank 2 -- train=5.168e-05 val=5.182e-05 | ks0=5.51e-01 cs0=6.43e-08
     val parts: state=3.79e-05 x2dot=1.39e-05 x3r=2.67e-18 cont=0.00e+00
     rec: x1=1.18e+00 x3=6.55e+01
     mech: ks=5.51e-01 (true=1.00e-01 err=450.92%) cs=6.43e-08 (true=2.40e-07 err=72.92%)
  Rank 3 -- train=5.223e-05 val=5.238e-05 | ks0=5.59e-01 cs0=6.57e-08
     val parts: state=3.90e-05 x2dot=1.34e-05 x3r=2.38e-18 cont=0.00e+00
     rec: x1=1.20e+00 x3=6.56e+01
     mech: ks=5.59e-01 (true=1.00e-01 err=459.08%) cs=6.57e-08 (true=2.40e-07 err=72.32%)
  Rank 4 -- train=5.247e-05 val=5.244e-05 | ks0=5.35e-01 cs0=6.14e-08
     val parts: state=3.72e-05 x2dot=1.52e-05 x3r=3.39e-18 cont=0.00e+00
     rec: x1=1.17e+00 x3=6.53e+01
     mech: ks=5.35e-01 (true=1.00e-01 err=434.98%) cs=6.14e-08 (true=2.40e-07 err=74.09%)
  Rank 5 -- train=5.391e-05 val=5.392e-05 | ks0=5.27e-01 cs0=6.01e-08
     val parts: state=3.79e-05 x2dot=1.61e-05 x3r=3.82e-18 cont=0.00e+00
     rec: x1=1.18e+00 x3=6.52e+01
     mech: ks=5.27e-01 (true=1.00e-01 err=427.18%) cs=6.01e-08 (true=2.40e-07 err=74.65%)
  Rank 6 -- train=5.264e-05 val=5.435e-05 | ks0=1.71e-01 cs0=3.19e-07
     val parts: state=4.73e-05 x2dot=7.01e-06 x3r=1.96e-18 cont=0.00e+00
     rec: x1=1.32e+00 x3=3.11e+01
     mech: ks=1.71e-01 (true=1.00e-01 err=71.05%) cs=3.19e-07 (true=2.40e-07 err=32.67%)
  Rank 7 -- train=5.586e-05 val=5.587e-05 | ks0=5.19e-01 cs0=5.88e-08
     val parts: state=3.89e-05 x2dot=1.70e-05 x3r=4.32e-18 cont=0.00e+00
     rec: x1=1.19e+00 x3=6.50e+01
     mech: ks=5.19e-01 (true=1.00e-01 err=419.49%) cs=5.88e-08 (true=2.40e-07 err=75.20%)
  Rank 8 -- train=5.604e-05 val=5.616e-05 | ks0=5.78e-01 cs0=6.97e-08
     val parts: state=4.36e-05 x2dot=1.25e-05 x3r=1.82e-18 cont=0.00e+00
     rec: x1=1.27e+00 x3=6.59e+01
     mech: ks=5.78e-01 (true=1.00e-01 err=478.31%) cs=6.97e-08 (true=2.40e-07 err=70.66%)
  Rank 9 -- train=5.662e-05 val=5.801e-05 | ks0=1.69e-01 cs0=3.12e-07
     val parts: state=5.07e-05 x2dot=7.33e-06 x3r=2.29e-18 cont=0.00e+00
     rec: x1=1.36e+00 x3=3.00e+01
     mech: ks=1.69e-01 (true=1.00e-01 err=68.55%) cs=3.12e-07 (true=2.40e-07 err=29.74%)
  Rank 10 -- train=5.423e-05 val=5.818e-05 | ks0=1.80e-01 cs0=3.46e-07
     val parts: state=5.04e-05 x2dot=7.82e-06 x3r=1.17e-18 cont=0.00e+00
     rec: x1=1.37e+00 x3=3.47e+01
     mech: ks=1.80e-01 (true=1.00e-01 err=79.55%) cs=3.46e-07 (true=2.40e-07 err=43.89%)
Stage1 warm-start export (merged): ON | saved=10 | first_has_p_net=true
Warm-start NN states saved for 10 merged top candidates
=== Stage1 (03): merged results -> /home/lgou/HNODECB/step2a_hyperparameter_tuning/hyperparameter_tuning_first_stage/results_afm/afm_param_stage1_03.jld ===
=== AFM Stage1 (03) complete ===
